// Jest Snapshot v1, https://goo.gl/fbAQLP

exports[`TodoCard Component renders correctly with all props 1`] = `
<View
  style={
    {
      "borderColor": "#BDBDBD",
      "borderRadius": 12,
      "borderStyle": "solid",
      "borderWidth": 1,
      "marginBottom": 24,
      "marginHorizontal": 24,
      "paddingHorizontal": 12,
      "paddingVertical": 24,
    }
  }
>
  <Text
    style={
      [
        {
          "fontFamily": "Inter-Regular",
          "fontSize": 16,
          "lineHeight": 24,
        },
        {
          "color": "#010a1a",
        },
        undefined,
        {
          "fontFamily": "Inter-Medium",
        },
        {
          "fontSize": 18,
          "lineHeight": 24,
        },
      ]
    }
    testID="text"
  >
    Sample Todo
  </Text>
  <Text
    style={
      [
        {
          "fontFamily": "Inter-Regular",
          "fontSize": 16,
          "lineHeight": 24,
        },
        {
          "color": "#36454f",
        },
        {
          "marginBottom": 12,
          "marginTop": 24,
        },
        null,
        {
          "fontSize": 14,
          "lineHeight": 21,
        },
      ]
    }
    testID="text"
  >
    This is a sample todo item.
  </Text>
  <View
    style={
      {
        "alignItems": "center",
        "flexDirection": "row",
        "justifyContent": "space-between",
        "marginTop": 24,
      }
    }
  >
    <Text
      style={
        [
          {
            "fontFamily": "Inter-Regular",
            "fontSize": 16,
            "lineHeight": 24,
          },
          {
            "color": "#6D6E71",
          },
          undefined,
          null,
          {
            "fontSize": 14,
            "lineHeight": 21,
          },
        ]
      }
      testID="text"
    >
      Tue Dec 10 2024
    </Text>
    <View
      style={
        {
          "alignItems": "center",
          "flexDirection": "row",
        }
      }
    >
      <Icon
        color="#139E5C"
        name="edit-3"
        onPress={[MockFunction]}
        size={20}
        style={
          {
            "alignSelf": "flex-end",
          }
        }
      />
      <Icon
        color="#E80808"
        name="trash-2"
        onPress={[MockFunction]}
        size={20}
        style={
          [
            {
              "alignSelf": "flex-end",
            },
            {
              "marginLeft": 24,
            },
          ]
        }
      />
    </View>
  </View>
</View>
`;
